// Jest Snapshot v1, https://goo.gl/fbAQLP

exports[`renders correctly 1`] = `
<Text
  className="leading-none text-base-content text-base"
>
  Snapshot test!
</Text>
`;
